
> vta-qs-lms@1.0.0 start
> node src/server.js

node.exe : JWT_SECRET not set in environment - using a random secret generated at startup.
At line:1 char:1
+ & "C:\Program Files\nodejs/node.exe" "C:\Program Files\nodejs/node_mo ...
+ ~~~~~~~~~~~~~~~~~~~~~~~~~~~~~~~~~~~~~~~~~~~~~~~~~~~~~~~~~~~~~~~~~~~~~
    + CategoryInfo          : NotSpecified: (JWT_SECRET not ...ted at startup.:String) [], RemoteException
    + FullyQualifiedErrorId : NativeCommandError
 
Sessions will not survive a server restart. Set JWT_SECRET in a .env file for production use.
VTA QS LMS server running at http://localhost:3000

> vta-qs-lms@1.0.0 start
> node src/server.js

node.exe : JWT_SECRET not set in environment - using a random secret generated at startup.
At line:1 char:1
+ & "C:\Program Files\nodejs/node.exe" "C:\Program Files\nodejs/node_mo ...
+ ~~~~~~~~~~~~~~~~~~~~~~~~~~~~~~~~~~~~~~~~~~~~~~~~~~~~~~~~~~~~~~~~~~~~~
    + CategoryInfo          : NotSpecified: (JWT_SECRET not ...ted at startup.:String) [], RemoteException
    + FullyQualifiedErrorId : NativeCommandError
 
Sessions will not survive a server restart. Set JWT_SECRET in a .env file for production use.
VTA QS LMS server running at http://localhost:3000

> vta-qs-lms@1.0.0 start
> node src/server.js

node.exe : JWT_SECRET not set in environment - using a random secret generated at startup.
At line:1 char:1
+ & "C:\Program Files\nodejs/node.exe" "C:\Program Files\nodejs/node_mo ...
+ ~~~~~~~~~~~~~~~~~~~~~~~~~~~~~~~~~~~~~~~~~~~~~~~~~~~~~~~~~~~~~~~~~~~~~
    + CategoryInfo          : NotSpecified: (JWT_SECRET not ...ted at startup.:String) [], RemoteException
    + FullyQualifiedErrorId : NativeCommandError
 
Sessions will not survive a server restart. Set JWT_SECRET in a .env file for production use.
VTA QS LMS server running at http://localhost:3000

> vta-qs-lms@1.0.0 start
> node src/server.js

node.exe : JWT_SECRET not set in environment - using a random secret generated at startup.
At line:1 char:1
+ & "C:\Program Files\nodejs/node.exe" "C:\Program Files\nodejs/node_mo ...
+ ~~~~~~~~~~~~~~~~~~~~~~~~~~~~~~~~~~~~~~~~~~~~~~~~~~~~~~~~~~~~~~~~~~~~~
    + CategoryInfo          : NotSpecified: (JWT_SECRET not ...ted at startup.:String) [], RemoteException
    + FullyQualifiedErrorId : NativeCommandError
 
Sessions will not survive a server restart. Set JWT_SECRET in a .env file for production use.
VTA QS LMS server running at http://localhost:3000

> vta-qs-lms@1.0.0 start
> node src/server.js

node.exe : JWT_SECRET not set in environment - using a random secret generated at startup.
At line:1 char:1
+ & "C:\Program Files\nodejs/node.exe" "C:\Program Files\nodejs/node_mo ...
+ ~~~~~~~~~~~~~~~~~~~~~~~~~~~~~~~~~~~~~~~~~~~~~~~~~~~~~~~~~~~~~~~~~~~~~
    + CategoryInfo          : NotSpecified: (JWT_SECRET not ...ted at startup.:String) [], RemoteException
    + FullyQualifiedErrorId : NativeCommandError
 
Sessions will not survive a server restart. Set JWT_SECRET in a .env file for production use.
VTA QS LMS server running at http://localhost:3000

> vta-qs-lms@1.0.0 start
> node src/server.js

node.exe : JWT_SECRET not set in environment - using a random secret generated at startup.
At line:1 char:1
+ & "C:\Program Files\nodejs/node.exe" "C:\Program Files\nodejs/node_mo ...
+ ~~~~~~~~~~~~~~~~~~~~~~~~~~~~~~~~~~~~~~~~~~~~~~~~~~~~~~~~~~~~~~~~~~~~~
    + CategoryInfo          : NotSpecified: (JWT_SECRET not ...ted at startup.:String) [], RemoteException
    + FullyQualifiedErrorId : NativeCommandError
 
Sessions will not survive a server restart. Set JWT_SECRET in a .env file for production use.
node:events:486
      throw er; // Unhandled 'error' event
      ^

Error: listen EADDRINUSE: address already in use :::3000
    at Server.setupListenHandle [as _listen2] (node:net:1940:16)
    at listenInCluster (node:net:1997:12)
    at Server.listen (node:net:2102:7)
    at app.listen (C:\Users\mercy\vta-qs-lms\node_modules\express\lib\application.js:635:24)
    at C:\Users\mercy\vta-qs-lms\src\server.js:52:9
    at process.processTicksAndRejections (node:internal/process/task_queues:103:5)
Emitted 'error' event on Server instance at:
    at emitErrorNT (node:net:1976:8)
    at process.processTicksAndRejections (node:internal/process/task_queues:89:21) {
  code: 'EADDRINUSE',
  errno: -4091,
  syscall: 'listen',
  address: '::',
  port: 3000
}

Node.js v24.13.0

> vta-qs-lms@1.0.0 start
> node src/server.js

node.exe : JWT_SECRET not set in environment - using a random secret generated at startup.
At line:1 char:1
+ & "C:\Program Files\nodejs/node.exe" "C:\Program Files\nodejs/node_mo ...
+ ~~~~~~~~~~~~~~~~~~~~~~~~~~~~~~~~~~~~~~~~~~~~~~~~~~~~~~~~~~~~~~~~~~~~~
    + CategoryInfo          : NotSpecified: (JWT_SECRET not ...ted at startup.:String) [], RemoteException
    + FullyQualifiedErrorId : NativeCommandError
 
Sessions will not survive a server restart. Set JWT_SECRET in a .env file for production use.
VTA QS LMS server running at http://localhost:3000
